=== BaCalSys Android Physical Smoke Log ===
Device: Infinix X6880 (13195704AS018838)
Android Version: 14 (API 34)
App Package: ph.bacalsys.app
App PID: 12263
Filter: adb logcat --pid=12263 -d
Generated: 2026-10-07 23:13:53 +08:00

--- [1] App Process Logcat (PID 12263) ---
--------- beginning of system
10-07 23:11:07.894 12263 31457 W ResourcesManager: Found a null ResourcesImpl, skipped.
10-07 23:11:07.902 12263 31457 V ResourcesManager: The following library key has been added: ResourcesKey{ mHash=8ad71c9 mResDir=null mSplitDirs=[] mOverlayDirs=[/product/overlay/NavigationBarModeGestural/NavigationBarModeGesturalOverlay.apk,/product/overlay/IconDefaultShape.apk,/data/resource-cache/com.android.systemui-neutral-lXJZ.frro,/data/resource-cache/com.android.systemui-accent-2ggD.frro,/data/resource-cache/com.android.systemui-dynamic-tUrv.frro] mLibDirs=[/data/app/~~fE4oDXG85pnc33iEedcrnQ==/com.google.android.webview-Zk_Nr0RMPi9S-kuVIwPbQg==/base.apk,/system/framework/android.test.base.jar,/system_ext/framework/androidx.window.extensions.jar] mDisplayId=0 mOverrideConfig=v35 mCompatInfo={440dpi always-compat} mLoaders=[]}
--------- beginning of main
10-07 23:12:42.307 12263 12263 D VRI[PopupWindow:50cd2b2]: hardware acceleration = true, forceHwAccelerated = false
10-07 23:12:42.308 12263 12263 D ViewRootImpl: setView appearance:0 PopupWindow:50cd2b2
10-07 23:12:42.317 12263 12263 D InputEventReceiver: Input log is disabled in InputEventReceiver.
10-07 23:12:42.328 12263 12263 D BufferQueueConsumer: [](id:2fe700000009,api:0,p:-1,c:12263) connect: controlledByApp=false
10-07 23:12:42.328 12263 12263 D BLASTBufferQueue: [VRI[PopupWindow:50cd2b2]#9](f:0,a:0) constructor()
10-07 23:12:42.328 12263 12263 D BLASTBufferQueue: [VRI[PopupWindow:50cd2b2]#9](f:0,a:0) update width=1080 height=92 format=-3 mTransformHint=0
10-07 23:12:42.341 12263 29808 D BLASTBufferQueue: [VRI[PopupWindow:50cd2b2]#9](f:0,a:1) acquireNextBufferLocked size=1080x92 mFrameNumber=1 applyTransaction=true mTimestamp=115666711614586(auto) mPendingTransactions.size=0 graphicBufferId=52669183950902 transform=0
10-07 23:12:42.344 12263 12263 W WindowOnBackDispatcher: sendCancelIfRunning: isInProgress=false callback=android.view.ViewRootImpl$$ExternalSyntheticLambda12@4f167fe
10-07 23:12:42.346 12263 12263 D View    : [Warning] assignParent to null: this = android.widget.PopupWindow$PopupDecorView{f8060a V.E...... R......D 0,0-1080,92}
10-07 23:12:42.383 12263 29701 D BLASTBufferQueue: [VRI[PopupWindow:50cd2b2]#9](f:0,a:1) destructor()
10-07 23:12:42.384 12263 29701 D BufferQueueConsumer: [VRI[PopupWindow:50cd2b2]#9(BLAST Consumer)9](id:2fe700000009,api:0,p:-1,c:12263) disconnect

--- [2] Android Crash Buffer (logcat -b crash -d) ---
(Empty - 0 crashes recorded in crash buffer)